python : C:\Users\zwx1057593\AppData\Local\Programs\Python\Python311\Lib\site-packages\pydantic\_internal\_fields.py:14
9: UserWarning: Field "model_name" has conflict with protected namespace "model_".
所在位置 行:1 字符: 1
+ python start_agentbus.py --mode cli --test > test_output.txt 2>&1
+ ~~~~~~~~~~~~~~~~~~~~~~~~~~~~~~~~~~~~~~~~~~~~~~~~~~~~~~~~~~~~~~~~~
    + CategoryInfo          : NotSpecified: (C:\Users\zwx105...space "model_".:String) [], RemoteException
    + FullyQualifiedErrorId : NativeCommandError
 

You may be able to resolve this warning by setting `model_config['protected_namespaces'] = ()`.
  warnings.warn(
C:\Users\zwx1057593\AppData\Local\Programs\Python\Python311\Lib\site-packages\pydantic\_internal\_fields.py:149: UserWa
rning: Field "model_type" has conflict with protected namespace "model_".

You may be able to resolve this warning by setting `model_config['protected_namespaces'] = ()`.
  warnings.warn(
C:\Users\zwx1057593\AppData\Local\Programs\Python\Python311\Lib\site-packages\pydantic\_internal\_fields.py:149: UserWa
rning: Field "model_id" has conflict with protected namespace "model_".

You may be able to resolve this warning by setting `model_config['protected_namespaces'] = ()`.
  warnings.warn(
C:\Users\zwx1057593\AppData\Local\Programs\Python\Python311\Lib\site-packages\pydantic\_internal\_fields.py:149: UserWa
rning: Field "model_results" has conflict with protected namespace "model_".

You may be able to resolve this warning by setting `model_config['protected_namespaces'] = ()`.
  warnings.warn(
C:\Users\zwx1057593\AppData\Local\Programs\Python\Python311\Lib\site-packages\pydantic\_internal\_fields.py:184: UserWa
rning: Field name "schema" shadows an attribute in parent "BaseModel"; 
  warnings.warn(
watchdog库未安装，使用轮询模式
2026-01-31 10:58:57.838 | INFO     | services.communication_map:__init__:60 - 沟通地图初始化完成
2026-01-31 10:58:57.839 | INFO     | services.message_channel:__init__:238 - 消息通道初始化完成
2026-01-31 10:58:57.839 | INFO     | services.hitl:__init__:94 - HITL服务初始化完成
Failed to load plugin info: attempted relative import with no known parent package
2026-01-31 10:58:57.840 | INFO     | services.multi_model_coordinator:_register_default_providers:327 - 默认模型提供者已注册
2026-01-31 10:58:57.840 | INFO     | services.multi_model_coordinator:_register_default_fusion_strategies:335 - 默认融合策略已
注册
2026-01-31 10:58:57.840 | INFO     | services.multi_model_coordinator:register_model:424 - 模型已注册: glm-4-flash (GLM-4-Fl
ash)
2026-01-31 10:58:57.840 | INFO     | services.multi_model_coordinator:register_model:424 - 模型已注册: gpt-4 (GPT-4)
2026-01-31 10:58:57.840 | INFO     | services.multi_model_coordinator:register_model:424 - 模型已注册: claude-3 (Claude-3)
2026-01-31 10:58:57.840 | INFO     | services.multi_model_coordinator:register_model:424 - 模型已注册: local-llama (Llama-2-
7B)
2026-01-31 10:58:57.840 | INFO     | services.multi_model_coordinator:__init__:320 - 多模型协调器初始化完成
Failed to load plugin info: attempted relative import with no known parent package
创建渠道适配器失败 test_channel: 未知的渠道类型: test
渠道未找到: test_channel
2026-01-31 10:58:57.842 | INFO     | services.communication_map:__init__:60 - 沟通地图初始化完成
2026-01-31 10:58:57.842 | INFO     | services.message_channel:__init__:238 - 消息通道初始化完成
2026-01-31 10:58:57.842 | INFO     | services.hitl:__init__:94 - HITL服务初始化完成
2026-01-31 10:58:57.845 | INFO     | services.communication_map:load:85 - 沟通地图加载完成，共3个联系人
2026-01-31 10:58:57.845 | INFO     | services.message_channel:initialize:147 - Web消息处理器初始化完成
2026-01-31 10:58:57.845 | INFO     | services.message_channel:initialize:216 - 终端消息处理器初始化完成
2026-01-31 10:58:57.845 | INFO     | services.message_channel:initialize:258 - 消息通道初始化完成
2026-01-31 10:58:57.845 | INFO     | services.hitl:start:381 - HITL服务已启动
2026-01-31 10:58:57.845 | INFO     | services.communication_map:__init__:60 - 沟通地图初始化完成
2026-01-31 10:58:57.847 | INFO     | services.communication_map:load:85 - 沟通地图加载完成，共3个联系人
2026-01-31 10:58:57.848 | INFO     | services.message_channel:__init__:238 - 消息通道初始化完成
2026-01-31 10:58:57.848 | INFO     | services.message_channel:initialize:147 - Web消息处理器初始化完成
2026-01-31 10:58:57.848 | INFO     | services.message_channel:initialize:216 - 终端消息处理器初始化完成
2026-01-31 10:58:57.848 | INFO     | services.message_channel:initialize:258 - 消息通道初始化完成
2026-01-31 10:58:57.848 | INFO     | services.knowledge_bus:__init__:271 - 知识总线初始化完成
2026-01-31 10:58:57.849 | INFO     | services.knowledge_bus:_load_from_file:596 - 从文件加载了 31 条知识
2026-01-31 10:58:57.850 | INFO     | services.knowledge_bus:initialize:277 - 知识总线加载完成，共 31 条知识
2026-01-31 10:58:57.850 | INFO     | services.multi_model_coordinator:_register_default_providers:327 - 默认模型提供者已注册
2026-01-31 10:58:57.850 | INFO     | services.multi_model_coordinator:_register_default_fusion_strategies:335 - 默认融合策略已
注册
2026-01-31 10:58:57.850 | INFO     | services.multi_model_coordinator:register_model:424 - 模型已注册: glm-4-flash (GLM-4-Fl
ash)
2026-01-31 10:58:57.850 | INFO     | services.multi_model_coordinator:register_model:424 - 模型已注册: gpt-4 (GPT-4)
2026-01-31 10:58:57.850 | INFO     | services.multi_model_coordinator:register_model:424 - 模型已注册: claude-3 (Claude-3)
2026-01-31 10:58:57.850 | INFO     | services.multi_model_coordinator:register_model:424 - 模型已注册: local-llama (Llama-2-
7B)
2026-01-31 10:58:57.850 | INFO     | services.multi_model_coordinator:__init__:320 - 多模型协调器初始化完成
2026-01-31 10:58:57.850 | WARNING  | services.multi_model_coordinator:initialize:389 - 模型配置验证失败: glm-4-flash
2026-01-31 10:58:57.850 | WARNING  | services.multi_model_coordinator:initialize:389 - 模型配置验证失败: gpt-4
2026-01-31 10:58:57.850 | WARNING  | services.multi_model_coordinator:initialize:389 - 模型配置验证失败: claude-3
2026-01-31 10:58:57.850 | INFO     | services.multi_model_coordinator:initialize:400 - 多模型协调器初始化完成
2026-01-31 10:58:57.850 | INFO     | services.stream_response:_register_default_handlers:348 - 默认流处理器已注册
2026-01-31 10:58:57.851 | INFO     | services.stream_response:__init__:342 - 流式响应处理器初始化完成
2026-01-31 10:58:57.851 | INFO     | services.stream_response:initialize:353 - 流式响应处理器初始化完成
\u274c 核心服务初始化失败: GatewayServer.__init__() missing 1 required positional argument: 'config'
\u274c 应用程序初始化失败: GatewayServer.__init__() missing 1 required positional argument: 'config'

鈺斺晲鈺愨晲鈺愨晲鈺愨晲鈺愨晲鈺愨晲鈺愨晲鈺愨晲鈺愨晲鈺愨晲鈺愨晲鈺愨晲鈺愨晲鈺愨晲鈺愨晲鈺愨晲鈺愨晲鈺愨晲鈺愨晲鈺愨晲鈺愨晲鈺愨晲鈺愨晲鈺愨晲鈺愨晲鈺愨晲鈺愨晲鈺愨晲鈺愨晲鈺愨晲鈺愨晲鈺愨晽
鈺?                   馃 AgentBus                              鈺?
鈺?             AI Programming Assistant                       鈺?
鈺?                                                             鈺?
鈺? 缁熶竴绠＄悊鎻掍欢銆佹笭閬撳拰AI鏈嶅姟鐨勬櫤鑳藉姪鎵嬬郴缁?                   鈺?
鈺?                                                             鈺?
鈺? 鏀寔妯″紡: Web鏈嶅姟鍣?| CLI浜や簰 | 寮€鍙戣皟璇?                  鈺?
鈺? 绠＄悊鐣岄潰: http://localhost:8000/management                 鈺?
鈺? API鏂囨。:   http://localhost:8000/docs                     鈺?
鈺氣晲鈺愨晲鈺愨晲鈺愨晲鈺愨晲鈺愨晲鈺愨晲鈺愨晲鈺愨晲鈺愨晲鈺愨晲鈺愨晲鈺愨晲鈺愨晲鈺愨晲鈺愨晲鈺愨晲鈺愨晲鈺愨晲鈺愨晲鈺愨晲鈺愨晲鈺愨晲鈺愨晲鈺愨晲鈺愨晲鈺愨晲鈺愨晲鈺愨晲鈺愨晲鈺愨晲鈺愨暆
    
2026-01-31T02:58:57.833090 INFO     __main__        D:\AgentBus\agentbus_logging\log_manager.py:info:278 - 鉁?閰嶇疆鍔犺浇鎴愬姛 - 鐜: unknown
2026-01-31T02:58:57.833090 INFO     __main__        D:\AgentBus\agentbus_logging\log_manager.py:info:278 - 馃殌 鍚姩AgentBus (妯″紡: cli)
2026-01-31T02:58:57.834293 INFO     __main__        D:\AgentBus\agentbus_logging\log_manager.py:info:278 - 馃捇 鍚姩CLI妯″紡
2026-01-31T02:58:57.834293 INFO     __main__        D:\AgentBus\agentbus_logging\log_manager.py:info:278 - 馃И 杩愯绯荤粺娴嬭瘯
